[08:05:40] [ServerMain/INFO]: Environment: Environment[sessionHost=https://sessionserver.mojang.com, servicesHost=https://api.minecraftservices.com, name=PROD]
[08:05:44] [ServerMain/INFO]: Loaded 1292 recipes
[08:05:45] [ServerMain/INFO]: Loaded 1403 advancements
[08:05:46] [Server thread/INFO]: Starting minecraft server version 1.21.1
[08:05:46] [Server thread/INFO]: Loading properties
[08:05:46] [Server thread/INFO]: Default game type: SURVIVAL
[08:05:46] [Server thread/INFO]: Generating keypair
[08:05:46] [Server thread/INFO]: Starting Minecraft server on *:25565
[08:05:46] [Server thread/INFO]: Using epoll channel type
[08:05:46] [Server thread/WARN]: **** SERVER IS RUNNING IN OFFLINE/INSECURE MODE!
[08:05:46] [Server thread/WARN]: The server will make no attempt to authenticate usernames. Beware.
[08:05:46] [Server thread/WARN]: While this makes the game possible to play without internet access, it also opens up the ability for hackers to connect with any username they choose.
[08:05:46] [Server thread/WARN]: To change this, set "online-mode" to "true" in the server.properties file.
[08:05:46] [Server thread/INFO]: Preparing level "world"
[08:05:46] [Server thread/INFO]: Preparing start region for dimension minecraft:overworld
[08:05:47] [Worker-Main-1/INFO]: Preparing spawn area: 0%
[08:05:47] [Worker-Main-1/INFO]: Preparing spawn area: 0%
[08:05:47] [Server thread/INFO]: Time elapsed: 876 ms
[08:05:47] [Server thread/INFO]: Done (1.126s)! For help, type "help"
[08:09:26] [Server thread/INFO]: Stopping the server
[08:09:27] [Server thread/INFO]: Stopping server
[08:09:27] [Server thread/INFO]: Saving players
[08:09:27] [Server thread/INFO]: Saving worlds
[08:09:27] [Server thread/INFO]: Saving chunks for level 'ServerLevel[§9OneBlock §eReborn]'/minecraft:overworld
[08:09:27] [Server thread/INFO]: Saving chunks for level 'ServerLevel[§9OneBlock §eReborn]'/minecraft:the_end
[08:09:27] [Server thread/INFO]: Saving chunks for level 'ServerLevel[§9OneBlock §eReborn]'/minecraft:the_nether
[08:09:27] [Server thread/INFO]: ThreadedAnvilChunkStorage (world): All chunks are saved
[08:09:27] [Server thread/INFO]: ThreadedAnvilChunkStorage (DIM1): All chunks are saved
[08:09:27] [Server thread/INFO]: ThreadedAnvilChunkStorage (DIM-1): All chunks are saved
[08:09:27] [Server thread/INFO]: ThreadedAnvilChunkStorage: All dimensions are saved
